// Jest Snapshot v1, https://goo.gl/fbAQLP

exports[`Reducer src/reducers/index.js Default 1`] = `
Object {
  "grid": Object {
    "x": 10,
    "y": 10,
  },
  "rover": Object {
    "current": null,
    "direction": "north",
    "log": Array [],
  },
}
`;

exports[`Reducer src/reducers/index.js Selectors: getGrid 1`] = `
Object {
  "x": 10,
  "y": 5,
}
`;

exports[`Reducer src/reducers/index.js Selectors: getRover 1`] = `
Object {
  "current": Object {
    "x": 2,
    "y": 2,
  },
  "direction": "east",
  "log": Array [
    Object {
      "x": 0,
      "y": 1,
    },
    Object {
      "x": 0,
      "y": 0,
    },
  ],
}
`;
