// Jest Snapshot v1, https://goo.gl/fbAQLP

exports[`LogPosition test suite Should match snapshot 1`] = `
.c0 {
  display: inline-block;
  height: 376px;
  overflow: hidden;
  border: 1px solid black;
  padding: 10px;
  min-width: 225px;
  border-radius: 10px;
}

.c0 .current {
  display: block;
  margin: 0 0 5px;
}

.c0 .direction {
  margin: 20px 0 18px;
}

.c0 .delete-button {
  float: right;
  margin-right: 30px;
}

.c0 .title {
  margin: 23px 0 0 0;
}

.c0 .positions-container {
  height: 225px;
  overflow: auto;
}

<div>
  <div
    class="c0"
  >
    <div>
      <span
        class="current"
      >
        Current position:
      </span>
      <strong>
        X
        2
        , Y
        2
      </strong>
    </div>
    <p
      class="direction"
    >
      Current direction:
      <br />
      <b>
        EAST
      </b>
    </p>
    <h5
      class="title"
    >
      Last positions: 
    </h5>
    <div
      class="positions-container"
    >
      <p>
        X0, Y1
      </p>
      <p>
        X0, Y0
      </p>
    </div>
  </div>
</div>
`;
